******************************************************************************
                  TI ARM Linker PC v20.2.5                     
******************************************************************************
>> Linked Tue May 17 19:04:11 2022

OUTPUT FILE NAME:   <Aufgabe_3.out>
ENTRY POINT SYMBOL: "_c_int00_noargs"  address: 00001545


MEMORY CONFIGURATION

         name            origin    length      used     unused   attr    fill
----------------------  --------  ---------  --------  --------  ----  --------
  FLASH                 00000000   00040000  00001814  0003e7ec  R  X
  SRAM                  20000000   00008000  00001838  000067c8  RW X


SEGMENT ALLOCATION MAP

run origin  load origin   length   init length attrs members
----------  ----------- ---------- ----------- ----- -------
00000000    00000000    00001818   00001818    r-x
  00000000    00000000    0000026c   0000026c    r-- .intvecs
  0000026c    0000026c    00001480   00001480    r-x .text
  000016ec    000016ec    000000e0   000000e0    r-- .const
  000017d0    000017d0    00000048   00000048    r-- .cinit
20000000    20000000    0000183c   00000000    rw-
  20000000    20000000    0000026c   00000000    rw- .vtable
  20000270    20000270    00000800   00000000    rw- .stack
  20000a70    20000a70    000006ec   00000000    rw- .data
  2000115c    2000115c    000006e0   00000000    rw- .bss


SECTION ALLOCATION MAP

 output                                  attributes/
section   page    origin      length       input sections
--------  ----  ----------  ----------   ----------------
.intvecs   0    00000000    0000026c     
                  00000000    0000026c     tm4c123gh6pm_startup_ccs.obj (.intvecs)

.text      0    0000026c    00001480     
                  0000026c    00000424     main.obj (.text)
                  00000690    000001b6     rtsv7M4_T_le_v4SPD16_eabi.lib : fd_add_t2.asm.obj (.text)
                  00000846    00000002     --HOLE-- [fill = 0]
                  00000848    00000158                                   : e_sqrt.c.obj (.text:sqrt)
                  000009a0    00000136                                   : fd_div_t2.asm.obj (.text)
                  00000ad6    00000132     driverlib.lib : gpio.obj (.text:GPIOPadConfigSet)
                  00000c08    00000110                   : sysctl.obj (.text:SysCtlClockGet)
                  00000d18    000000fc     rtsv7M4_T_le_v4SPD16_eabi.lib : fd_mul_t2.asm.obj (.text)
                  00000e14    000000f4     driverlib.lib : sysctl.obj (.text:SysCtlClockSet)
                  00000f08    000000b4     rtsv7M4_T_le_v4SPD16_eabi.lib : s_cosf.c.obj (.text:cosf)
                  00000fbc    000000a4                                   : s_sinf.c.obj (.text:sinf)
                  00001060    0000009c                                   : memcpy_t2.asm.obj (.text)
                  000010fc    0000007a     driverlib.lib : adc.obj (.text:ADCSequenceStepConfigure)
                  00001176    0000007a     rtsv7M4_T_le_v4SPD16_eabi.lib : memset_t2.asm.obj (.text)
                  000011f0    00000068     driverlib.lib : interrupt.obj (.text:IntEnable)
                  00001258    00000068     rtsv7M4_T_le_v4SPD16_eabi.lib : copy_decompress_lzss.c.obj (.text:decompress:lzss:__TI_decompress_lzss)
                  000012c0    00000060     driverlib.lib : timer.obj (.text:TimerConfigure)
                  00001320    00000058                   : timer.obj (.text:TimerControlTrigger)
                  00001378    00000050                   : adc.obj (.text:ADCSequenceConfigure)
                  000013c8    00000050                   : adc.obj (.text:_ADCIntNumberGet)
                  00001418    00000048     rtsv7M4_T_le_v4SPD16_eabi.lib : fd_toi_t2.asm.obj (.text)
                  00001460    00000044                                   : autoinit.c.obj (.text:__TI_auto_init_nobinit_nopinit:__TI_auto_init_nobinit_nopinit)
                  000014a4    00000038                                   : fs_tod_t2.asm.obj (.text)
                  000014dc    00000034     driverlib.lib : interrupt.obj (.text:IntRegister)
                  00001510    00000034                   : sysctl.obj (.text:SysCtlPeripheralEnable)
                  00001544    00000034     rtsv7M4_T_le_v4SPD16_eabi.lib : boot_cortex_m.c.obj (.text:_c_int00_noargs:_c_int00_noargs)
                  00001578    0000002a     driverlib.lib : gpio.obj (.text:GPIODirModeSet)
                  000015a2    0000001e                   : adc.obj (.text:ADCSequenceDataGet)
                  000015c0    00000018                   : adc.obj (.text:ADCClockConfigSet)
                  000015d8    00000018                   : adc.obj (.text:ADCIntRegister)
                  000015f0    00000018                   : gpio.obj (.text:GPIOPinTypeGPIOOutput)
                  00001608    00000014                   : fpu.obj (.text:FPUFlushToZeroModeSet)
                  0000161c    00000014                   : fpu.obj (.text:FPUStackingEnable)
                  00001630    00000012                   : gpio.obj (.text:GPIOPinTypeADC)
                  00001642    00000012                   : timer.obj (.text:TimerLoadSet)
                  00001654    00000010                   : adc.obj (.text:ADCIntEnable)
                  00001664    00000010                   : fpu.obj (.text:FPUEnable)
                  00001674    00000010                   : fpu.obj (.text:FPULazyStackingEnable)
                  00001684    0000000e                   : adc.obj (.text:ADCSequenceEnable)
                  00001692    0000000e                   : timer.obj (.text:TimerEnable)
                  000016a0    0000000e     rtsv7M4_T_le_v4SPD16_eabi.lib : copy_decompress_none.c.obj (.text:decompress:none:__TI_decompress_none)
                  000016ae    0000000c                                   : copy_zero_init.c.obj (.text:decompress:ZI:__TI_zero_init)
                  000016ba    0000000c     tm4c123gh6pm_startup_ccs.obj (.text)
                  000016c6    0000000a     driverlib.lib : adc.obj (.text:ADCIntClear)
                  000016d0    00000008     rtsv7M4_T_le_v4SPD16_eabi.lib : errno.c.obj (.text:__aeabi_errno_addr)
                  000016d8    00000006     driverlib.lib : gpio.obj (.text:GPIOPinWrite)
                  000016de    00000006                   : sysctl.obj (.text:SysCtlDelay)
                  000016e4    00000004     rtsv7M4_T_le_v4SPD16_eabi.lib : pre_init.c.obj (.text:_system_pre_init)
                  000016e8    00000004                                   : exit.c.obj (.text:abort:abort)

.const     0    000016ec    000000e0     
                  000016ec    00000070     driverlib.lib : interrupt.obj (.const)
                  0000175c    0000006c                   : sysctl.obj (.const:g_pui32Xtals)
                  000017c8    00000004     main.obj (.const)

.cinit     0    000017d0    00000048     
                  000017d0    0000000d     (.cinit..data.load) [load image, compression = lzss]
                  000017dd    00000003     --HOLE-- [fill = 0]
                  000017e0    0000000c     (__TI_handler_table)
                  000017ec    00000004     --HOLE-- [fill = 0]
                  000017f0    00000008     (.cinit..bss.load) [load image, compression = zero_init]
                  000017f8    00000008     (.cinit..vtable.load) [load image, compression = zero_init]
                  00001800    00000018     (__TI_cinit_table)

.init_array 
*          0    00000000    00000000     UNINITIALIZED

.vtable    0    20000000    0000026c     UNINITIALIZED
                  20000000    0000026c     driverlib.lib : interrupt.obj (.vtable)

.data      0    20000a70    000006ec     UNINITIALIZED
                  20000a70    000006e0     main.obj (.data:arrayCoefficient)
                  20001150    00000008     main.obj (.data)
                  20001158    00000004     rtsv7M4_T_le_v4SPD16_eabi.lib : errno.c.obj (.data)

.bss       0    2000115c    000006e0     UNINITIALIZED
                  2000115c    000006e0     (.common:bufferSample)

.stack     0    20000270    00000800     UNINITIALIZED
                  20000270    00000004     rtsv7M4_T_le_v4SPD16_eabi.lib : boot_cortex_m.c.obj (.stack)
                  20000274    000007fc     --HOLE--

__llvm_prf_cnts 
*          0    20000000    00000000     UNINITIALIZED

MODULE SUMMARY

       Module                         code   ro data   rw data
       ------                         ----   -------   -------
    .\
       main.obj                       1060   4         3528   
       tm4c123gh6pm_startup_ccs.obj   12     620       0      
    +--+------------------------------+------+---------+---------+
       Total:                         1072   624       3528   
                                                              
    ../driverlib.lib
       interrupt.obj                  156    112       620    
       sysctl.obj                     574    108       0      
       adc.obj                        400    0         0      
       gpio.obj                       396    0         0      
       timer.obj                      216    0         0      
       fpu.obj                        72     0         0      
    +--+------------------------------+------+---------+---------+
       Total:                         1814   220       620    
                                                              
    C:\ti\ccs1040\ccs\tools\compiler\ti-cgt-arm_20.2.5.LTS\lib\rtsv7M4_T_le_v4SPD16_eabi.lib
       fd_add_t2.asm.obj              438    0         0      
       e_sqrt.c.obj                   344    0         0      
       fd_div_t2.asm.obj              310    0         0      
       fd_mul_t2.asm.obj              252    0         0      
       s_cosf.c.obj                   180    0         0      
       s_sinf.c.obj                   164    0         0      
       memcpy_t2.asm.obj              156    0         0      
       memset_t2.asm.obj              122    0         0      
       copy_decompress_lzss.c.obj     104    0         0      
       fd_toi_t2.asm.obj              72     0         0      
       autoinit.c.obj                 68     0         0      
       fs_tod_t2.asm.obj              56     0         0      
       boot_cortex_m.c.obj            52     0         0      
       copy_decompress_none.c.obj     14     0         0      
       copy_zero_init.c.obj           12     0         0      
       errno.c.obj                    8      0         4      
       exit.c.obj                     4      0         0      
       pre_init.c.obj                 4      0         0      
    +--+------------------------------+------+---------+---------+
       Total:                         2360   0         4      
                                                              
       Stack:                         0      0         2048   
       Linker Generated:              0      65        0      
    +--+------------------------------+------+---------+---------+
       Grand Total:                   5246   909       6200   


LINKER GENERATED COPY TABLES

__TI_cinit_table @ 00001800 records: 3, size/record: 8, table size: 24
	.data: load addr=000017d0, load size=0000000d bytes, run addr=20000a70, run size=000006ec bytes, compression=lzss
	.bss: load addr=000017f0, load size=00000008 bytes, run addr=2000115c, run size=000006e0 bytes, compression=zero_init
	.vtable: load addr=000017f8, load size=00000008 bytes, run addr=20000000, run size=0000026c bytes, compression=zero_init


LINKER GENERATED HANDLER TABLE

__TI_handler_table @ 000017e0 records: 3, size/record: 4, table size: 12
	index: 0, handler: __TI_zero_init
	index: 1, handler: __TI_decompress_lzss
	index: 2, handler: __TI_decompress_none


GLOBAL SYMBOLS: SORTED ALPHABETICALLY BY Name 

address   name                          
-------   ----                          
000015c1  ADCClockConfigSet             
000016c7  ADCIntClear                   
00001655  ADCIntEnable                  
000015d9  ADCIntRegister                
00001379  ADCSequenceConfigure          
000015a3  ADCSequenceDataGet            
00001685  ADCSequenceEnable             
000010fd  ADCSequenceStepConfigure      
000016e9  C$$EXIT                       
000017c8  DoublePi                      
00001665  FPUEnable                     
00001609  FPUFlushToZeroModeSet         
00001675  FPULazyStackingEnable         
0000161d  FPUStackingEnable             
00001579  GPIODirModeSet                
00000ad7  GPIOPadConfigSet              
00001631  GPIOPinTypeADC                
000015f1  GPIOPinTypeGPIOOutput         
000016d9  GPIOPinWrite                  
000011f1  IntEnable                     
000014dd  IntRegister                   
000016bb  ResetISR                      
00000c09  SysCtlClockGet                
00000e15  SysCtlClockSet                
000016df  SysCtlDelay                   
00001511  SysCtlPeripheralEnable        
000012c1  TimerConfigure                
00001321  TimerControlTrigger           
00001693  TimerEnable                   
00001643  TimerLoadSet                  
20000a70  __STACK_END                   
00000800  __STACK_SIZE                  
20000470  __STACK_TOP                   
00001800  __TI_CINIT_Base               
00001818  __TI_CINIT_Limit              
000017e0  __TI_Handler_Table_Base       
000017ec  __TI_Handler_Table_Limit      
00001461  __TI_auto_init_nobinit_nopinit
00001259  __TI_decompress_lzss          
000016a1  __TI_decompress_none          
ffffffff  __TI_pprof_out_hndl           
ffffffff  __TI_prof_data_size           
ffffffff  __TI_prof_data_start          
00000000  __TI_static_base__            
000016af  __TI_zero_init                
00001419  __aeabi_d2iz                  
0000069b  __aeabi_dadd                  
000009a1  __aeabi_ddiv                  
00000d19  __aeabi_dmul                  
00000691  __aeabi_dsub                  
000016d1  __aeabi_errno_addr            
000014a5  __aeabi_f2d                   
00001177  __aeabi_memclr                
00001177  __aeabi_memclr4               
00001177  __aeabi_memclr8               
00001061  __aeabi_memcpy                
00001061  __aeabi_memcpy4               
00001061  __aeabi_memcpy8               
00001179  __aeabi_memset                
00001179  __aeabi_memset4               
00001179  __aeabi_memset8               
ffffffff  __binit__                     
ffffffff  __c_args__                    
UNDEFED   __mpu_init                    
20000270  __stack                       
20000000  __start___llvm_prf_cnts       
20000000  __stop___llvm_prf_cnts        
00001545  _c_int00_noargs               
UNDEFED   _system_post_cinit            
000016e5  _system_pre_init              
000016e9  abort                         
00000355  adcIntHandler                 
20000a70  arrayCoefficient              
ffffffff  binit                         
2000115c  bufferSample                  
00000f09  cosf                          
20001158  errno                         
20000000  g_pfnRAMVectors               
00000000  g_pfnVectors                  
20001150  grenze                        
0000026d  main                          
00001061  memcpy                        
0000117f  memset                        
20001154  sampleIndex                   
00000275  setup                         
00000fbd  sinf                          
00000849  sqrt                          
00000849  sqrtl                         


GLOBAL SYMBOLS: SORTED BY Symbol Address 

address   name                          
-------   ----                          
00000000  __TI_static_base__            
00000000  g_pfnVectors                  
0000026d  main                          
00000275  setup                         
00000355  adcIntHandler                 
00000691  __aeabi_dsub                  
0000069b  __aeabi_dadd                  
00000800  __STACK_SIZE                  
00000849  sqrt                          
00000849  sqrtl                         
000009a1  __aeabi_ddiv                  
00000ad7  GPIOPadConfigSet              
00000c09  SysCtlClockGet                
00000d19  __aeabi_dmul                  
00000e15  SysCtlClockSet                
00000f09  cosf                          
00000fbd  sinf                          
00001061  __aeabi_memcpy                
00001061  __aeabi_memcpy4               
00001061  __aeabi_memcpy8               
00001061  memcpy                        
000010fd  ADCSequenceStepConfigure      
00001177  __aeabi_memclr                
00001177  __aeabi_memclr4               
00001177  __aeabi_memclr8               
00001179  __aeabi_memset                
00001179  __aeabi_memset4               
00001179  __aeabi_memset8               
0000117f  memset                        
000011f1  IntEnable                     
00001259  __TI_decompress_lzss          
000012c1  TimerConfigure                
00001321  TimerControlTrigger           
00001379  ADCSequenceConfigure          
00001419  __aeabi_d2iz                  
00001461  __TI_auto_init_nobinit_nopinit
000014a5  __aeabi_f2d                   
000014dd  IntRegister                   
00001511  SysCtlPeripheralEnable        
00001545  _c_int00_noargs               
00001579  GPIODirModeSet                
000015a3  ADCSequenceDataGet            
000015c1  ADCClockConfigSet             
000015d9  ADCIntRegister                
000015f1  GPIOPinTypeGPIOOutput         
00001609  FPUFlushToZeroModeSet         
0000161d  FPUStackingEnable             
00001631  GPIOPinTypeADC                
00001643  TimerLoadSet                  
00001655  ADCIntEnable                  
00001665  FPUEnable                     
00001675  FPULazyStackingEnable         
00001685  ADCSequenceEnable             
00001693  TimerEnable                   
000016a1  __TI_decompress_none          
000016af  __TI_zero_init                
000016bb  ResetISR                      
000016c7  ADCIntClear                   
000016d1  __aeabi_errno_addr            
000016d9  GPIOPinWrite                  
000016df  SysCtlDelay                   
000016e5  _system_pre_init              
000016e9  C$$EXIT                       
000016e9  abort                         
000017c8  DoublePi                      
000017e0  __TI_Handler_Table_Base       
000017ec  __TI_Handler_Table_Limit      
00001800  __TI_CINIT_Base               
00001818  __TI_CINIT_Limit              
20000000  __start___llvm_prf_cnts       
20000000  __stop___llvm_prf_cnts        
20000000  g_pfnRAMVectors               
20000270  __stack                       
20000470  __STACK_TOP                   
20000a70  __STACK_END                   
20000a70  arrayCoefficient              
20001150  grenze                        
20001154  sampleIndex                   
20001158  errno                         
2000115c  bufferSample                  
ffffffff  __TI_pprof_out_hndl           
ffffffff  __TI_prof_data_size           
ffffffff  __TI_prof_data_start          
ffffffff  __binit__                     
ffffffff  __c_args__                    
ffffffff  binit                         
UNDEFED   __mpu_init                    
UNDEFED   _system_post_cinit            

[88 symbols]
