******************************************************************************
                  TI ARM Linker PC v20.2.5                     
******************************************************************************
>> Linked Wed May 11 15:33:10 2022

OUTPUT FILE NAME:   <Aufgabe_2.out>
ENTRY POINT SYMBOL: "_c_int00_noargs"  address: 00000cd1


MEMORY CONFIGURATION

         name            origin    length      used     unused   attr    fill
----------------------  --------  ---------  --------  --------  ----  --------
  FLASH                 00000000   00040000  00001064  0003ef9c  R  X
  SRAM                  20000000   00008000  0000053c  00007ac4  RW X


SEGMENT ALLOCATION MAP

run origin  load origin   length   init length attrs members
----------  ----------- ---------- ----------- ----- -------
00000000    00000000    00001068   00001068    r-x
  00000000    00000000    0000026c   0000026c    r-- .intvecs
  0000026c    0000026c    00000c14   00000c14    r-x .text
  00000e80    00000e80    000001a4   000001a4    r-- .const
  00001028    00001028    00000040   00000040    r-- .cinit
20000000    20000000    00000540   00000000    rw-
  20000000    20000000    0000026c   00000000    rw- .vtable
  20000270    20000270    00000200   00000000    rw- .stack
  20000470    20000470    000000c8   00000000    rw- .bss
  20000538    20000538    00000008   00000000    rw- .data


SECTION ALLOCATION MAP

 output                                  attributes/
section   page    origin      length       input sections
--------  ----  ----------  ----------   ----------------
.intvecs   0    00000000    0000026c     
                  00000000    0000026c     tm4c123gh6pm_startup_ccs.obj (.intvecs)

.text      0    0000026c    00000c14     
                  0000026c    00000340     main.obj (.text)
                  000005ac    00000132     driverlib.lib : gpio.obj (.text:GPIOPadConfigSet)
                  000006de    00000002     --HOLE-- [fill = 0]
                  000006e0    00000110                   : sysctl.obj (.text:SysCtlClockGet)
                  000007f0    000000f4                   : sysctl.obj (.text:SysCtlClockSet)
                  000008e4    0000009c     rtsv7M4_T_le_v4SPD16_eabi.lib : memcpy_t2.asm.obj (.text)
                  00000980    0000007a     driverlib.lib : adc.obj (.text:ADCSequenceStepConfigure)
                  000009fa    00000002     --HOLE-- [fill = 0]
                  000009fc    00000068                   : interrupt.obj (.text:IntEnable)
                  00000a64    00000068     rtsv7M4_T_le_v4SPD16_eabi.lib : copy_decompress_lzss.c.obj (.text:decompress:lzss:__TI_decompress_lzss)
                  00000acc    00000060     driverlib.lib : timer.obj (.text:TimerConfigure)
                  00000b2c    00000058                   : timer.obj (.text:TimerControlTrigger)
                  00000b84    00000050                   : adc.obj (.text:ADCSequenceConfigure)
                  00000bd4    00000050                   : adc.obj (.text:_ADCIntNumberGet)
                  00000c24    00000044     rtsv7M4_T_le_v4SPD16_eabi.lib : autoinit.c.obj (.text:__TI_auto_init_nobinit_nopinit:__TI_auto_init_nobinit_nopinit)
                  00000c68    00000034     driverlib.lib : interrupt.obj (.text:IntRegister)
                  00000c9c    00000034                   : sysctl.obj (.text:SysCtlPeripheralEnable)
                  00000cd0    00000034     rtsv7M4_T_le_v4SPD16_eabi.lib : boot_cortex_m.c.obj (.text:_c_int00_noargs:_c_int00_noargs)
                  00000d04    0000002a     driverlib.lib : gpio.obj (.text:GPIODirModeSet)
                  00000d2e    0000001e                   : adc.obj (.text:ADCSequenceDataGet)
                  00000d4c    0000001c     rtsv7M4_T_le_v4SPD16_eabi.lib : copy_zero_init.c.obj (.text:decompress:ZI:__TI_zero_init_nomemset:__TI_zero_init_nomemset)
                  00000d68    00000018     driverlib.lib : adc.obj (.text:ADCClockConfigSet)
                  00000d80    00000018                   : adc.obj (.text:ADCIntRegister)
                  00000d98    00000018                   : gpio.obj (.text:GPIOPinTypeGPIOOutput)
                  00000db0    00000014                   : fpu.obj (.text:FPUFlushToZeroModeSet)
                  00000dc4    00000014                   : fpu.obj (.text:FPUStackingEnable)
                  00000dd8    00000012                   : gpio.obj (.text:GPIOPinTypeADC)
                  00000dea    00000012                   : timer.obj (.text:TimerLoadSet)
                  00000dfc    00000010                   : adc.obj (.text:ADCIntEnable)
                  00000e0c    00000010                   : fpu.obj (.text:FPUEnable)
                  00000e1c    00000010                   : fpu.obj (.text:FPULazyStackingEnable)
                  00000e2c    0000000e                   : adc.obj (.text:ADCSequenceEnable)
                  00000e3a    0000000e                   : timer.obj (.text:TimerEnable)
                  00000e48    0000000e     rtsv7M4_T_le_v4SPD16_eabi.lib : copy_decompress_none.c.obj (.text:decompress:none:__TI_decompress_none)
                  00000e56    0000000c     tm4c123gh6pm_startup_ccs.obj (.text)
                  00000e62    0000000a     driverlib.lib : adc.obj (.text:ADCIntClear)
                  00000e6c    00000006                   : gpio.obj (.text:GPIOPinWrite)
                  00000e72    00000006                   : sysctl.obj (.text:SysCtlDelay)
                  00000e78    00000004     rtsv7M4_T_le_v4SPD16_eabi.lib : pre_init.c.obj (.text:_system_pre_init)
                  00000e7c    00000004                                   : exit.c.obj (.text:abort:abort)

.const     0    00000e80    000001a4     
                  00000e80    000000c8     main.obj (.const:N)
                  00000f48    00000070     driverlib.lib : interrupt.obj (.const)
                  00000fb8    0000006c                   : sysctl.obj (.const:g_pui32Xtals)

.cinit     0    00001028    00000040     
                  00001028    0000000c     (__TI_handler_table)
                  00001034    0000000b     (.cinit..data.load) [load image, compression = lzss]
                  0000103f    00000001     --HOLE-- [fill = 0]
                  00001040    00000008     (.cinit..bss.load) [load image, compression = zero_init]
                  00001048    00000008     (.cinit..vtable.load) [load image, compression = zero_init]
                  00001050    00000018     (__TI_cinit_table)

.init_array 
*          0    00000000    00000000     UNINITIALIZED

.vtable    0    20000000    0000026c     UNINITIALIZED
                  20000000    0000026c     driverlib.lib : interrupt.obj (.vtable)

.bss       0    20000470    000000c8     UNINITIALIZED
                  20000470    000000c8     (.common:bufferSample)

.data      0    20000538    00000008     UNINITIALIZED
                  20000538    00000008     main.obj (.data)

.stack     0    20000270    00000200     UNINITIALIZED
                  20000270    00000004     rtsv7M4_T_le_v4SPD16_eabi.lib : boot_cortex_m.c.obj (.stack)
                  20000274    000001fc     --HOLE--

__llvm_prf_cnts 
*          0    20000000    00000000     UNINITIALIZED

MODULE SUMMARY

       Module                         code   ro data   rw data
       ------                         ----   -------   -------
    .\
       main.obj                       832    200       208    
       tm4c123gh6pm_startup_ccs.obj   12     620       0      
    +--+------------------------------+------+---------+---------+
       Total:                         844    820       208    
                                                              
    ../driverlib.lib
       interrupt.obj                  156    112       620    
       sysctl.obj                     574    108       0      
       adc.obj                        400    0         0      
       gpio.obj                       396    0         0      
       timer.obj                      216    0         0      
       fpu.obj                        72     0         0      
    +--+------------------------------+------+---------+---------+
       Total:                         1814   220       620    
                                                              
    C:\ti\ccs1040\ccs\tools\compiler\ti-cgt-arm_20.2.5.LTS\lib\rtsv7M4_T_le_v4SPD16_eabi.lib
       memcpy_t2.asm.obj              156    0         0      
       copy_decompress_lzss.c.obj     104    0         0      
       autoinit.c.obj                 68     0         0      
       boot_cortex_m.c.obj            52     0         0      
       copy_zero_init.c.obj           28     0         0      
       copy_decompress_none.c.obj     14     0         0      
       exit.c.obj                     4      0         0      
       pre_init.c.obj                 4      0         0      
    +--+------------------------------+------+---------+---------+
       Total:                         430    0         0      
                                                              
       Stack:                         0      0         512    
       Linker Generated:              0      63        0      
    +--+------------------------------+------+---------+---------+
       Grand Total:                   3088   1103      1340   


LINKER GENERATED COPY TABLES

__TI_cinit_table @ 00001050 records: 3, size/record: 8, table size: 24
	.data: load addr=00001034, load size=0000000b bytes, run addr=20000538, run size=00000008 bytes, compression=lzss
	.bss: load addr=00001040, load size=00000008 bytes, run addr=20000470, run size=000000c8 bytes, compression=zero_init
	.vtable: load addr=00001048, load size=00000008 bytes, run addr=20000000, run size=0000026c bytes, compression=zero_init


LINKER GENERATED HANDLER TABLE

__TI_handler_table @ 00001028 records: 3, size/record: 4, table size: 12
	index: 0, handler: __TI_zero_init
	index: 1, handler: __TI_decompress_lzss
	index: 2, handler: __TI_decompress_none


GLOBAL SYMBOLS: SORTED ALPHABETICALLY BY Name 

address   name                          
-------   ----                          
00000d69  ADCClockConfigSet             
00000e63  ADCIntClear                   
00000dfd  ADCIntEnable                  
00000d81  ADCIntRegister                
00000b85  ADCSequenceConfigure          
00000d2f  ADCSequenceDataGet            
00000e2d  ADCSequenceEnable             
00000981  ADCSequenceStepConfigure      
00000e7d  C$$EXIT                       
00000e0d  FPUEnable                     
00000db1  FPUFlushToZeroModeSet         
00000e1d  FPULazyStackingEnable         
00000dc5  FPUStackingEnable             
00000d05  GPIODirModeSet                
000005ad  GPIOPadConfigSet              
00000dd9  GPIOPinTypeADC                
00000d99  GPIOPinTypeGPIOOutput         
00000e6d  GPIOPinWrite                  
000009fd  IntEnable                     
00000c69  IntRegister                   
00000e80  N                             
00000e57  ResetISR                      
000006e1  SysCtlClockGet                
000007f1  SysCtlClockSet                
00000e73  SysCtlDelay                   
00000c9d  SysCtlPeripheralEnable        
00000acd  TimerConfigure                
00000b2d  TimerControlTrigger           
00000e3b  TimerEnable                   
00000deb  TimerLoadSet                  
20000470  __STACK_END                   
00000200  __STACK_SIZE                  
20000470  __STACK_TOP                   
00001050  __TI_CINIT_Base               
00001068  __TI_CINIT_Limit              
00001028  __TI_Handler_Table_Base       
00001034  __TI_Handler_Table_Limit      
00000c25  __TI_auto_init_nobinit_nopinit
00000a65  __TI_decompress_lzss          
00000e49  __TI_decompress_none          
ffffffff  __TI_pprof_out_hndl           
ffffffff  __TI_prof_data_size           
ffffffff  __TI_prof_data_start          
00000000  __TI_static_base__            
00000d4d  __TI_zero_init_nomemset       
000008e5  __aeabi_memcpy                
000008e5  __aeabi_memcpy4               
000008e5  __aeabi_memcpy8               
ffffffff  __binit__                     
ffffffff  __c_args__                    
UNDEFED   __mpu_init                    
20000270  __stack                       
20000000  __start___llvm_prf_cnts       
20000000  __stop___llvm_prf_cnts        
00000cd1  _c_int00_noargs               
UNDEFED   _system_post_cinit            
00000e79  _system_pre_init              
00000e7d  abort                         
00000333  adcIntHandler                 
ffffffff  binit                         
20000470  bufferSample                  
20000000  g_pfnRAMVectors               
00000000  g_pfnVectors                  
2000053c  grenze                        
0000026d  main                          
000008e5  memcpy                        
20000538  sampleIndex                   
00000275  setup                         


GLOBAL SYMBOLS: SORTED BY Symbol Address 

address   name                          
-------   ----                          
00000000  __TI_static_base__            
00000000  g_pfnVectors                  
00000200  __STACK_SIZE                  
0000026d  main                          
00000275  setup                         
00000333  adcIntHandler                 
000005ad  GPIOPadConfigSet              
000006e1  SysCtlClockGet                
000007f1  SysCtlClockSet                
000008e5  __aeabi_memcpy                
000008e5  __aeabi_memcpy4               
000008e5  __aeabi_memcpy8               
000008e5  memcpy                        
00000981  ADCSequenceStepConfigure      
000009fd  IntEnable                     
00000a65  __TI_decompress_lzss          
00000acd  TimerConfigure                
00000b2d  TimerControlTrigger           
00000b85  ADCSequenceConfigure          
00000c25  __TI_auto_init_nobinit_nopinit
00000c69  IntRegister                   
00000c9d  SysCtlPeripheralEnable        
00000cd1  _c_int00_noargs               
00000d05  GPIODirModeSet                
00000d2f  ADCSequenceDataGet            
00000d4d  __TI_zero_init_nomemset       
00000d69  ADCClockConfigSet             
00000d81  ADCIntRegister                
00000d99  GPIOPinTypeGPIOOutput         
00000db1  FPUFlushToZeroModeSet         
00000dc5  FPUStackingEnable             
00000dd9  GPIOPinTypeADC                
00000deb  TimerLoadSet                  
00000dfd  ADCIntEnable                  
00000e0d  FPUEnable                     
00000e1d  FPULazyStackingEnable         
00000e2d  ADCSequenceEnable             
00000e3b  TimerEnable                   
00000e49  __TI_decompress_none          
00000e57  ResetISR                      
00000e63  ADCIntClear                   
00000e6d  GPIOPinWrite                  
00000e73  SysCtlDelay                   
00000e79  _system_pre_init              
00000e7d  C$$EXIT                       
00000e7d  abort                         
00000e80  N                             
00001028  __TI_Handler_Table_Base       
00001034  __TI_Handler_Table_Limit      
00001050  __TI_CINIT_Base               
00001068  __TI_CINIT_Limit              
20000000  __start___llvm_prf_cnts       
20000000  __stop___llvm_prf_cnts        
20000000  g_pfnRAMVectors               
20000270  __stack                       
20000470  __STACK_END                   
20000470  __STACK_TOP                   
20000470  bufferSample                  
20000538  sampleIndex                   
2000053c  grenze                        
ffffffff  __TI_pprof_out_hndl           
ffffffff  __TI_prof_data_size           
ffffffff  __TI_prof_data_start          
ffffffff  __binit__                     
ffffffff  __c_args__                    
ffffffff  binit                         
UNDEFED   __mpu_init                    
UNDEFED   _system_post_cinit            

[68 symbols]
